npm WARN logfile Error: EPERM: operation not permitted, scandir 'C:\Users\SeanS\AppData\Local\npm-cache\_logs'
npm WARN logfile  error cleaning log files [Error: EPERM: operation not permitted, scandir 'C:\Users\SeanS\AppData\Local\npm-cache\_logs'] {
npm WARN logfile   errno: -4048,
npm WARN logfile   code: 'EPERM',
npm WARN logfile   syscall: 'scandir',
npm WARN logfile   path: 'C:\\Users\\SeanS\\AppData\\Local\\npm-cache\\_logs'
npm WARN logfile }

> quiz-app-frontend@0.1.0 build
> cross-env ASTRO_TELEMETRY_DISABLED=1 astro build

01:32:26 AM [content] No content directory found. Skipping type generation.
01:32:26 AM [build] output target: static
01:32:26 AM [build] Collecting build info...
01:32:26 AM [build] Completed in 183ms.
01:32:27 AM [build] Building static entrypoints...
01:32:32 AM [build] Completed in 5.21s.

 building client 
node_modules/jsxgraph/src/parser/jessiecode.js (670:26) Use of eval in "node_modules/jsxgraph/src/parser/jessiecode.js" is strongly discouraged as it poses security risks and may cause issues with minification.

(!) Some chunks are larger than 500 kBs after minification. Consider:
- Using dynamic import() to code-split the application
- Use build.rollupOptions.output.manualChunks to improve chunking: https://rollupjs.org/configuration-options/#output-manualchunks
- Adjust chunk size limit for this warning via build.chunkSizeWarningLimit.
Completed in 33.96s.


 generating static routes 
 error   Cannot find module 'C:\Users\SeanS\Downloads\cir_app\frontend\dist\pages\index.astro.mjs' imported from C:\Users\SeanS\Downloads\cir_app\frontend\node_modules\astro\dist\core\build\generate.js
Error [ERR_MODULE_NOT_FOUND]: Cannot find module 'C:\Users\SeanS\Downloads\cir_app\frontend\dist\pages\index.astro.mjs' imported from C:\Users\SeanS\Downloads\cir_app\frontend\node_modules\astro\dist\core\build\generate.js
    at new NodeError (node:internal/errors:400:5)
    at finalizeResolution (node:internal/modules/esm/resolve:326:11)
    at moduleResolve (node:internal/modules/esm/resolve:945:10)
    at defaultResolve (node:internal/modules/esm/resolve:1153:11)
    at nextResolve (node:internal/modules/esm/loader:163:28)
    at ESMLoader.resolve (node:internal/modules/esm/loader:842:30)
    at ESMLoader.getModuleJob (node:internal/modules/esm/loader:424:18)
    at ESMLoader.import (node:internal/modules/esm/loader:525:22)
    at importModuleDynamically (node:internal/modules/esm/translators:110:35)
    at importModuleDynamicallyCallback (node:internal/process/esm_loader:35:14)
